// Jest Snapshot v1, https://goo.gl/fbAQLP

exports[`LandingPage component renders styled-component Wrapper 1`] = `
<div
  className="gwhYEr"
>
  <section
    className="hIRGSg"
  >
    <h1>
      Moka Haiku:
      <br />
      web app agency
    </h1>
  </section>
  <section
    className="eTzQYX"
  >
    <h2>
      Creating fast & interactive web applications with React and Meteor
    </h2>
  </section>
</div>
`;
