// Jest Snapshot v1, https://goo.gl/fbAQLP

exports[`Technology  renders correctly 1`] = `
<div>
  <h2
    className="sc-bdVaJa hbgqAY"
  >
    We use cutting-edge technologies
  </h2>
  <div
    className="sc-bwzfXH hKwqyr"
  >
    <div
      className="sc-htpNat gPfKWp"
    >
      <img
        alt="React"
        src="../../static/react_logo.png"
      />
      <h3>
        React Js
      </h3>
    </div>
    <div
      className="sc-htpNat gPfKWp"
    >
      <img
        alt="Meteor"
        src="../../static/meteor_logo.png"
      />
      <h3>
        Meteor Js
      </h3>
    </div>
    <div
      className="sc-htpNat gPfKWp"
    >
      <img
        alt="Next"
        src="../../static/next_logo.png"
      />
      <h3>
        Next.js
      </h3>
    </div>
  </div>
</div>
`;
