// Jest Snapshot v1, https://goo.gl/fbAQLP

exports[`Hero renders correctly 1`] = `
<styled.div>
  <Styled(Component)
    all={5}
  >
    <styled.h1>
      Moka Haiku:
      <br />
      web app agency
    </styled.h1>
    <Styled(Component)
      bottom={4}
    >
      <styled.h2
        white={true}
      >
        Creating fast & interactive web applications with React and Meteor
      </styled.h2>
    </Styled(Component)>
    <RaisedButton
      disabled={false}
      fullWidth={false}
      label="get a free consultation"
      labelPosition="after"
      primary={false}
      secondary={true}
    />
  </Styled(Component)>
</styled.div>
`;
