// Jest Snapshot v1, https://goo.gl/fbAQLP

exports[`Service renders correctly 1`] = `
<div
  className="sc-bdVaJa hJyKNr"
>
  <h2
    className="sc-bwzfXH fSlUUc"
  >
    What we do
  </h2>
  <div
    className="sc-htpNat jdAldW"
  >
    <div
      className="sc-bxivhb doscWV"
    >
      <i
        className="material-icons"
      >
        desktop_mac
      </i>
      <h3>
        Web development
      </h3>
      <p>
        We help you build fast, functional, performance oriented websites and web apps
      </p>
    </div>
    <div
      className="sc-bxivhb doscWV"
    >
      <i
        className="material-icons"
      >
        color_lens
      </i>
      <h3>
        Web design
      </h3>
      <p>
        We are creating unique and adaptive designs to engage customers
      </p>
    </div>
  </div>
</div>
`;
