// Jest Snapshot v1, https://goo.gl/fbAQLP

exports[`Home renders correctly 1`] = `
<div
  className="sc-bdVaJa bcrzSP"
>
  <h1
    className="sc-bwzfXH jQXNWG"
  >
    Moka Haiku:
    <br />
    web app agency
  </h1>
  <h2
    className="sc-htpNat gINAtw"
  >
    Creating fast & interactive web applications with React and Meteor
  </h2>
  <button
    className="sc-bxivhb jxYIva"
  >
    get a free consultation
  </button>
</div>
`;
