// Jest Snapshot v1, https://goo.gl/fbAQLP

exports[`NavbarLogoWrapper renders correctly 1`] = `
<nav
  className="sc-bdVaJa joTcTr"
>
  <a
    className="sc-htpNat dhlRcp"
  >
    <img
      alt="moka"
      className="sc-bwzfXH dDBWcs"
      src="../../static/logo_main.png"
    />
  </a>
</nav>
`;
