// Jest Snapshot v1, https://goo.gl/fbAQLP

exports[`Technology  renders correctly 1`] = `
<div
  className="sc-bdVaJa fFGhMS"
>
  <div
    className="sc-bdVaJa esXjej"
  >
    <h2
      className="sc-bwzfXH rANkV"
    >
      We use cutting-edge technologies
    </h2>
  </div>
  <div
    className="Row__Row-kNtYPA jaQNpG"
  >
    <div
      className="Col__Col-hCQanm fyLqBb"
    >
      <div
        className="sc-htpNat jGdCrf"
        scale={true}
      >
        <div
          className="sc-bdVaJa iOpgTO"
        >
          <img
            alt="React"
            src="/static/React_logo.png"
          />
          <h3
            className="sc-bwzfXH dyhvQZ"
          >
            React
          </h3>
          <p
            className="sc-bwzfXH hcrUCW"
          >
            
          </p>
        </div>
      </div>
    </div>
    <div
      className="Col__Col-hCQanm fyLqBb"
    >
      <div
        className="sc-htpNat jGdCrf"
        scale={true}
      >
        <div
          className="sc-bdVaJa iOpgTO"
        >
          <img
            alt="Meteor"
            src="/static/Meteor_logo.png"
          />
          <h3
            className="sc-bwzfXH dyhvQZ"
          >
            Meteor
          </h3>
          <p
            className="sc-bwzfXH hcrUCW"
          >
            
          </p>
        </div>
      </div>
    </div>
    <div
      className="Col__Col-hCQanm fyLqBb"
    >
      <div
        className="sc-htpNat jGdCrf"
        scale={true}
      >
        <div
          className="sc-bdVaJa iOpgTO"
        >
          <img
            alt="Next.js"
            src="/static/Nextjs_logo.png"
          />
          <h3
            className="sc-bwzfXH dyhvQZ"
          >
            Next.js
          </h3>
          <p
            className="sc-bwzfXH hcrUCW"
          >
            
          </p>
        </div>
      </div>
    </div>
  </div>
</div>
`;
