// Jest Snapshot v1, https://goo.gl/fbAQLP

exports[`Technology  renders correctly 1`] = `
<div
  className="sc-bdVaJa ePJfYc"
>
  <h2
    className="sc-bxivhb kixuJS"
  >
    We use cutting-edge technologies
  </h2>
  <div
    className="Row__Row-kNtYPA jaQNpG"
  >
    <div
      className="Col__Col-hCQanm fyLqBb"
    >
      <div
        className="sc-ifAKCX haIUXD"
        scale={true}
      >
        <div
          className="sc-bdVaJa iGScBl"
        >
          <img
            alt="React"
            src="/static/React_logo.png"
          />
          <h3
            className="sc-bwzfXH gCrSZp"
          >
            React
          </h3>
          <p
            className="sc-htpNat KtFsv"
          >
            
          </p>
        </div>
      </div>
    </div>
    <div
      className="Col__Col-hCQanm fyLqBb"
    >
      <div
        className="sc-ifAKCX haIUXD"
        scale={true}
      >
        <div
          className="sc-bdVaJa iGScBl"
        >
          <img
            alt="Meteor"
            src="/static/Meteor_logo.png"
          />
          <h3
            className="sc-bwzfXH gCrSZp"
          >
            Meteor
          </h3>
          <p
            className="sc-htpNat KtFsv"
          >
            
          </p>
        </div>
      </div>
    </div>
    <div
      className="Col__Col-hCQanm fyLqBb"
    >
      <div
        className="sc-ifAKCX haIUXD"
        scale={true}
      >
        <div
          className="sc-bdVaJa iGScBl"
        >
          <img
            alt="Next.js"
            src="/static/Nextjs_logo.png"
          />
          <h3
            className="sc-bwzfXH gCrSZp"
          >
            Next.js
          </h3>
          <p
            className="sc-htpNat KtFsv"
          >
            
          </p>
        </div>
      </div>
    </div>
  </div>
</div>
`;
