// Jest Snapshot v1, https://goo.gl/fbAQLP

exports[`Hero renders correctly 1`] = `
<Hero>
  <styled.div
    bg={true}
    py={4}
    src="../../../static/Hero_image.jpg"
  >
    <div
      className="sc-bdVaJa jomBZL"
      src="../../../static/Hero_image.jpg"
    >
      <Styled(Component)
        hero={true}
        tag="h1"
      >
        <Component
          className="sc-bwzfXH kDeLAv"
          hero={true}
          tag="h1"
        >
          <h1
            className="sc-bwzfXH kDeLAv"
          >
            Moka Haiku:
            <br />
            web app agency
          </h1>
        </Component>
      </Styled(Component)>
      <Styled(Component)
        hero={true}
        tag="h2"
      >
        <Component
          className="sc-bwzfXH iUDRwd"
          hero={true}
          tag="h2"
        >
          <h2
            className="sc-bwzfXH iUDRwd"
          >
            Creating fast & interactive web applications with React and Meteor
          </h2>
        </Component>
      </Styled(Component)>
      <styled.div
        pt={2}
        textAlign="center"
      >
        <div
          className="sc-bdVaJa hNJaJD"
        >
          <RaisedButton
            disabled={false}
            fullWidth={false}
            label="get a free consultation"
            labelPosition="after"
            primary={false}
            secondary={true}
          >
            <Paper
              circle={false}
              rounded={true}
              style={
                Object {
                  "display": "inline-block",
                  "minWidth": 88,
                  "transition": "all 450ms cubic-bezier(0.23, 1, 0.32, 1) 0ms",
                }
              }
              transitionEnabled={true}
              zDepth={1}
            >
              <div
                style={
                  Object {
                    "WebkitTapHighlightColor": "rgba(0,0,0,0)",
                    "backgroundColor": "#ffffff",
                    "borderRadius": 2,
                    "boxShadow": "0 1px 6px rgba(0, 0, 0, 0.12),
                           0 1px 4px rgba(0, 0, 0, 0.12)",
                    "boxSizing": "border-box",
                    "color": "rgba(0, 0, 0, 0.87)",
                    "display": "inline-block",
                    "fontFamily": "Roboto, sans-serif",
                    "minWidth": 88,
                    "muiPrepared": true,
                    "transition": "all 450ms cubic-bezier(0.23, 1, 0.32, 1) 0ms",
                  }
                }
              >
                <EnhancedButton
                  containerElement="button"
                  disabled={false}
                  focusRippleColor="#ffffff"
                  focusRippleOpacity={0.16}
                  onBlur={[Function]}
                  onClick={[Function]}
                  onFocus={[Function]}
                  onKeyDown={[Function]}
                  onKeyUp={[Function]}
                  onKeyboardFocus={[Function]}
                  onMouseDown={[Function]}
                  onMouseEnter={[Function]}
                  onMouseLeave={[Function]}
                  onMouseUp={[Function]}
                  onTouchEnd={[Function]}
                  onTouchStart={[Function]}
                  onTouchTap={[Function]}
                  style={
                    Object {
                      "backgroundColor": "#ff4081",
                      "borderRadius": 2,
                      "height": 36,
                      "lineHeight": "36px",
                      "padding": 0,
                      "textAlign": "center",
                      "transition": "all 450ms cubic-bezier(0.23, 1, 0.32, 1) 0ms",
                      "width": "100%",
                    }
                  }
                  tabIndex={0}
                  touchRippleColor="#ffffff"
                  touchRippleOpacity={0.16}
                  type="button"
                >
                  <button
                    disabled={false}
                    onBlur={[Function]}
                    onClick={[Function]}
                    onFocus={[Function]}
                    onKeyDown={[Function]}
                    onKeyUp={[Function]}
                    onMouseDown={[Function]}
                    onMouseEnter={[Function]}
                    onMouseLeave={[Function]}
                    onMouseUp={[Function]}
                    onTouchEnd={[Function]}
                    onTouchStart={[Function]}
                    onTouchTap={[Function]}
                    style={
                      Object {
                        "WebkitTapHighlightColor": "rgba(0, 0, 0, 0)",
                        "backgroundColor": "#ff4081",
                        "border": 10,
                        "borderRadius": 2,
                        "boxSizing": "border-box",
                        "cursor": "pointer",
                        "display": "inline-block",
                        "fontFamily": "Roboto, sans-serif",
                        "fontSize": "inherit",
                        "fontWeight": "inherit",
                        "height": 36,
                        "lineHeight": "36px",
                        "margin": 0,
                        "muiPrepared": true,
                        "outline": "none",
                        "padding": 0,
                        "position": "relative",
                        "textAlign": "center",
                        "textDecoration": "none",
                        "transition": "all 450ms cubic-bezier(0.23, 1, 0.32, 1) 0ms",
                        "verticalAlign": null,
                        "width": "100%",
                        "zIndex": 1,
                      }
                    }
                    tabIndex={0}
                    type="button"
                  >
                    <TouchRipple
                      abortOnScroll={true}
                      color="#ffffff"
                      opacity={0.16}
                    >
                      <div
                        onMouseDown={[Function]}
                        onMouseLeave={[Function]}
                        onMouseUp={[Function]}
                        onTouchEnd={[Function]}
                        onTouchStart={[Function]}
                      >
                        <div
                          style={
                            Object {
                              "backgroundColor": false,
                              "borderRadius": 2,
                              "height": 36,
                              "muiPrepared": true,
                              "top": 0,
                              "transition": "all 450ms cubic-bezier(0.23, 1, 0.32, 1) 0ms",
                            }
                          }
                        >
                          <span
                            style={
                              Object {
                                "color": "#ffffff",
                                "fontSize": 14,
                                "fontWeight": 500,
                                "letterSpacing": 0,
                                "margin": 0,
                                "muiPrepared": true,
                                "opacity": 1,
                                "paddingLeft": 16,
                                "paddingRight": 16,
                                "position": "relative",
                                "textTransform": "uppercase",
                                "userSelect": "none",
                              }
                            }
                          >
                            get a free consultation
                          </span>
                        </div>
                      </div>
                    </TouchRipple>
                  </button>
                </EnhancedButton>
              </div>
            </Paper>
          </RaisedButton>
        </div>
      </styled.div>
    </div>
  </styled.div>
</Hero>
`;
